---
source: tests/create.rs
assertion_line: 87
expression: "&manifest"
---
[package]
name = "mynewcrate-bin-2015"
version = "0.0.0"
edition = "2015"

# See more keys and their definitions at https://doc.rust-lang.org/cargo/reference/manifest.html

[dependencies]
