---
source: tests/create.rs
expression: "&manifest"

---
[package]
name = "mynewcrate-lib-2018"
version = "0.0.0"
edition = "2018"

[dependencies]
