---
source: tests/create.rs
assertion_line: 265
expression: "&manifest"
---
[package]
name = "dep3"
version = "0.0.0"
edition = "2018"

# See more keys and their definitions at https://doc.rust-lang.org/cargo/reference/manifest.html

[dependencies]
